WordPress test suite not found. Running in standalone mode.
PHPUnit 9.6.34 by Sebastian Bergmann and contributors.

Runtime:       PHP 8.2.4
Configuration: C:\Users\Matt Walker\Desktop\FCP\FCP-Sports-Prep\phpunit.xml

......F........SSSSSSSSSSSSSSSSS.S.S.S.S.S........F...W....F..... 65 / 78 ( 83%)
.............                                                     78 / 78 (100%)

Time: 00:05.660, Memory: 6.00 MB

There was 1 warning:

1) FCPTheme\Tests\Patterns\PatternValidationTest::test_patterns_avoid_inline_styles
Pattern file C:\Users\Matt Walker\Desktop\FCP\FCP-Sports-Prep/patterns/grid.php has 23 inline styles. Consider using theme.json settings instead.

--

There were 3 failures:

1) FCPTheme\Tests\Security\SecurityTest::test_output_escaping_in_functions
Echo statement without proper escaping found: echo '<meta name="description" content="' . esc_attr($description) . '" />' . "\n";
Failed asserting that 1 is true.

C:\Users\Matt Walker\Desktop\FCP\FCP-Sports-Prep\tests\security\SecurityTest.php:77

2) FCPTheme\Tests\Patterns\PatternValidationTest::test_patterns_valid_block_markup
Pattern file C:\Users\Matt Walker\Desktop\FCP\FCP-Sports-Prep/patterns/apply-form.php has invalid block markup: Unclosed block: wp:group, Unclosed block: wp:group, Unclosed block: wp:paragraph, Unclosed block: wp:heading, Unclosed block: wp:group, Unclosed block: wp:paragraph, Unclosed block: wp:group, Unclosed block: wp:paragraph
Failed asserting that false is true.

C:\Users\Matt Walker\Desktop\FCP\FCP-Sports-Prep\tests\patterns\PatternValidationTest.php:133

3) FCPTheme\Tests\Templates\TemplateValidationTest::test_templates_valid_block_markup
Template file C:\Users\Matt Walker\Desktop\FCP\FCP-Sports-Prep/templates/404.html has invalid block markup: Unclosed block: wp:template-part, Unclosed block: wp:group, Unclosed block: wp:heading, Unclosed block: wp:paragraph, Unclosed block: wp:buttons, Unclosed block: wp:button, Unclosed block: wp:template-part
Failed asserting that false is true.

C:\Users\Matt Walker\Desktop\FCP\FCP-Sports-Prep\tests\templates\TemplateValidationTest.php:99

--

There were 22 skipped tests:

1) FCPTheme\Tests\Debugging\CustomPostTypeTest::test_faculty_cpt_registered
WordPress test suite not available

C:\Users\Matt Walker\Desktop\FCP\FCP-Sports-Prep\tests\debugging\CustomPostTypeTest.php:20

2) FCPTheme\Tests\Debugging\CustomPostTypeTest::test_program_cpt_registered
WordPress test suite not available

C:\Users\Matt Walker\Desktop\FCP\FCP-Sports-Prep\tests\debugging\CustomPostTypeTest.php:38

3) FCPTheme\Tests\Debugging\CustomPostTypeTest::test_schedule_cpt_registered
WordPress test suite not available

C:\Users\Matt Walker\Desktop\FCP\FCP-Sports-Prep\tests\debugging\CustomPostTypeTest.php:55

4) FCPTheme\Tests\Debugging\CustomPostTypeTest::test_faculty_cpt_settings
WordPress test suite not available

C:\Users\Matt Walker\Desktop\FCP\FCP-Sports-Prep\tests\debugging\CustomPostTypeTest.php:72

5) FCPTheme\Tests\Debugging\CustomPostTypeTest::test_program_cpt_settings
WordPress test suite not available

C:\Users\Matt Walker\Desktop\FCP\FCP-Sports-Prep\tests\debugging\CustomPostTypeTest.php:91

6) FCPTheme\Tests\Debugging\CustomPostTypeTest::test_schedule_cpt_settings
WordPress test suite not available

C:\Users\Matt Walker\Desktop\FCP\FCP-Sports-Prep\tests\debugging\CustomPostTypeTest.php:110

7) FCPTheme\Tests\Debugging\CustomPostTypeTest::test_faculty_cpt_supports
WordPress test suite not available

C:\Users\Matt Walker\Desktop\FCP\FCP-Sports-Prep\tests\debugging\CustomPostTypeTest.php:129

8) FCPTheme\Tests\Debugging\CustomPostTypeTest::test_program_cpt_supports
WordPress test suite not available

C:\Users\Matt Walker\Desktop\FCP\FCP-Sports-Prep\tests\debugging\CustomPostTypeTest.php:154

9) FCPTheme\Tests\Debugging\CustomPostTypeTest::test_schedule_cpt_supports
WordPress test suite not available

C:\Users\Matt Walker\Desktop\FCP\FCP-Sports-Prep\tests\debugging\CustomPostTypeTest.php:179

10) FCPTheme\Tests\Debugging\CustomPostTypeTest::test_cpt_labels_exist
WordPress test suite not available

C:\Users\Matt Walker\Desktop\FCP\FCP-Sports-Prep\tests\debugging\CustomPostTypeTest.php:204

11) FCPTheme\Tests\Debugging\FunctionAvailabilityTest::test_wordpress_core_functions_exist
WordPress test suite not available

C:\Users\Matt Walker\Desktop\FCP\FCP-Sports-Prep\tests\debugging\FunctionAvailabilityTest.php:22

12) FCPTheme\Tests\Debugging\FunctionAvailabilityTest::test_conditional_tags_available
WordPress test suite not available

C:\Users\Matt Walker\Desktop\FCP\FCP-Sports-Prep\tests\debugging\FunctionAvailabilityTest.php:68

13) FCPTheme\Tests\Debugging\FunctionAvailabilityTest::test_i18n_functions_available
WordPress test suite not available

C:\Users\Matt Walker\Desktop\FCP\FCP-Sports-Prep\tests\debugging\FunctionAvailabilityTest.php:91

14) FCPTheme\Tests\Debugging\FunctionAvailabilityTest::test_escaping_functions_available
WordPress test suite not available

C:\Users\Matt Walker\Desktop\FCP\FCP-Sports-Prep\tests\debugging\FunctionAvailabilityTest.php:115

15) FCPTheme\Tests\Debugging\FunctionAvailabilityTest::test_post_functions_available
WordPress test suite not available

C:\Users\Matt Walker\Desktop\FCP\FCP-Sports-Prep\tests\debugging\FunctionAvailabilityTest.php:143

16) FCPTheme\Tests\Debugging\FunctionAvailabilityTest::test_custom_post_type_functions_available
WordPress test suite not available

C:\Users\Matt Walker\Desktop\FCP\FCP-Sports-Prep\tests\debugging\FunctionAvailabilityTest.php:169

17) FCPTheme\Tests\Debugging\FunctionAvailabilityTest::test_enqueue_functions_available
WordPress test suite not available

C:\Users\Matt Walker\Desktop\FCP\FCP-Sports-Prep\tests\debugging\FunctionAvailabilityTest.php:191

18) FCPTheme\Tests\Debugging\ThemeSetupTest::test_theme_setup_hooked
WordPress test suite not available

C:\Users\Matt Walker\Desktop\FCP\FCP-Sports-Prep\tests\debugging\ThemeSetupTest.php:31

19) FCPTheme\Tests\Debugging\ThemeSetupTest::test_cpt_registration_hooked
WordPress test suite not available

C:\Users\Matt Walker\Desktop\FCP\FCP-Sports-Prep\tests\debugging\ThemeSetupTest.php:57

20) FCPTheme\Tests\Debugging\ThemeSetupTest::test_scripts_enqueue_hooked
WordPress test suite not available

C:\Users\Matt Walker\Desktop\FCP\FCP-Sports-Prep\tests\debugging\ThemeSetupTest.php:83

21) FCPTheme\Tests\Debugging\ThemeSetupTest::test_seo_meta_hooked
WordPress test suite not available

C:\Users\Matt Walker\Desktop\FCP\FCP-Sports-Prep\tests\debugging\ThemeSetupTest.php:109

22) FCPTheme\Tests\Debugging\ThemeSetupTest::test_schema_markup_hooked
WordPress test suite not available

C:\Users\Matt Walker\Desktop\FCP\FCP-Sports-Prep\tests\debugging\ThemeSetupTest.php:135

FAILURES!
Tests: 78, Assertions: 448, Failures: 3, Warnings: 1, Skipped: 22.
